error: proc macro panicked
 --> tests/include_dir_no_compile/include_dir_with_empty_string.rs:3:23
  |
3 | static _ASSETS: Dir = include_dir!("");
  |                       ^^^^^^^^^^^^^^^^
  |
  = help: message: This macro only accepts a single, non-empty string argument
